// Jest Snapshot v1, https://goo.gl/fbAQLP

exports[`ReservationContainer should match the snapshot 1`] = `
<section
  className="resy-container"
>
  <Reservation
    date="12/29"
    id={1}
    key="1"
    name="Christie"
    number={12}
    time="7:00"
  />
  <Reservation
    date="4/5"
    id={2}
    key="2"
    name="Leta"
    number={2}
    time="7:00"
  />
</section>
`;
